<html>
<body>
<pre>
<h1>�Vision Build Log</h1>
<h2>Tool Versions:</h2>
IDE-Version: �Vision V5.33.0.0
Copyright (C) 2020 ARM Ltd and ARM Germany GmbH. All rights reserved.
License Information: Yuriy Samartsev, KPI, LIC=QF82M-XTX1Z-FWD2N-YIHRR-EQB6Z-J50WR
 
Tool Versions:
Toolchain:       MDK-ARM Plus  Version: 5.33.0.0
Toolchain Path:  C:\Keil_v5\ARM\ARMCC\Bin
C Compiler:      Armcc.exe V5.06 update 7 (build 960)
Assembler:       Armasm.exe V5.06 update 7 (build 960)
Linker/Locator:  ArmLink.exe V5.06 update 7 (build 960)
Library Manager: ArmAr.exe V5.06 update 7 (build 960)
Hex Converter:   FromElf.exe V5.06 update 7 (build 960)
CPU DLL:         SARMCM3.DLL V5.33.0.0
Dialog DLL:      DARMSTM.DLL V1.68.0.0
Target DLL:      STLink\ST-LINKIII-KEIL_SWO.dll V3.0.8.0
Dialog DLL:      TCM.DLL V1.48.0.0
 
<h2>Project:</h2>
D:\myWork\controlers\STM32\stm32f103\STM32103_Smart\STM32F103_MLX90614\MDK-ARM\TFT_LCD.uvprojx
Project File Date:  07/16/2026

<h2>Output:</h2>
*** Using Compiler 'V5.06 update 7 (build 960)', folder: 'C:\Keil_v5\ARM\ARMCC\Bin'
Build target 'TFT_LCD'
creating preprocessor file for Retarget.c...
creating preprocessor file for stm32f1xx_it.c...
creating preprocessor file for stm32f1xx_hal.c...
compiling Retarget.c...
Warning: C4008W: splitting LDM/STM has no benefit
..\Src\Retarget.c: 1 warning, 0 errors
creating preprocessor file for Serial.c...
creating preprocessor file for stm32f1xx_hal_msp.c...
creating preprocessor file for main.c...
creating preprocessor file for stm32f1xx_hal_spi.c...
creating preprocessor file for stm32f1xx_hal_gpio.c...
creating preprocessor file for stm32f1xx_hal_gpio_ex.c...
creating preprocessor file for stm32f1xx_hal_rcc.c...
creating preprocessor file for stm32f1xx_hal_rtc.c...
creating preprocessor file for stm32f1xx_hal_rtc_ex.c...
compiling stm32f1xx_hal_gpio_ex.c...
Warning: C4008W: splitting LDM/STM has no benefit
..\Drivers\STM32F1xx_HAL_Driver\Src\stm32f1xx_hal_gpio_ex.c: 1 warning, 0 errors
compiling Serial.c...
Warning: C4008W: splitting LDM/STM has no benefit
..\Src\Serial.c: 1 warning, 0 errors
creating preprocessor file for stm32f1xx_hal_cortex.c...
compiling stm32f1xx_hal.c...
Warning: C4008W: splitting LDM/STM has no benefit
..\Drivers\STM32F1xx_HAL_Driver\Src\stm32f1xx_hal.c: 1 warning, 0 errors
compiling main.c...
Warning: C4008W: splitting LDM/STM has no benefit
..\Src\main.c(580): warning:  #177-D: variable "myError"  was declared but never referenced
  	char *myError = "HAL_UART_ErrorCallback";
..\Src\main.c(872): warning:  #177-D: variable "mydate"  was declared but never referenced
  	char mydate[2] = "20";
..\Src\main.c(892): warning:  #177-D: variable "Font_Size"  was declared but never referenced
  	FontDef Font_Size = Font_11x18;
..\Src\main.c(748): warning:  #177-D: function "RTC_SECUpdate"  was declared but never referenced
  static void RTC_SECUpdate(void)
..\Src\main.c(1006): warning:  #177-D: function "calcModulo256"  was declared but never referenced
  static char calcModulo256(char *myString, uint16_t BufferLength)
..\Src\main.c(586): warning:  #177-D: function "MX_UART2_Init"  was declared but never referenced
  static void MX_UART2_Init(void)
..\Src\main.c(631): warning:  #177-D: function "RTC_AlarmConfig"  was declared but never referenced
  static void RTC_AlarmConfig(void)
..\Src\main.c(682): warning:  #177-D: function "RTC_SECConfig"  was declared but never referenced
  static void RTC_SECConfig(void)
..\Src\main.c(786): warning:  #177-D: function "RTC_DateShow"  was declared but never referenced
  static void RTC_DateShow(uint16_t x, uint16_t y) //Відображення Дати в точці х,у дисплея
..\Src\main.c: 10 warnings, 0 errors
creating preprocessor file for stm32f1xx_hal_pwr.c...
compiling stm32f1xx_hal_rtc.c...
Warning: C4008W: splitting LDM/STM has no benefit
..\Drivers\STM32F1xx_HAL_Driver\Src\stm32f1xx_hal_rtc.c: 1 warning, 0 errors
compiling stm32f1xx_hal_gpio.c...
Warning: C4008W: splitting LDM/STM has no benefit
..\Drivers\STM32F1xx_HAL_Driver\Src\stm32f1xx_hal_gpio.c: 1 warning, 0 errors
creating preprocessor file for stm32f1xx_hal_rcc_ex.c...
creating preprocessor file for stm32f1xx_hal_dma.c...
compiling stm32f1xx_hal_spi.c...
Warning: C4008W: splitting LDM/STM has no benefit
..\Drivers\STM32F1xx_HAL_Driver\Src\stm32f1xx_hal_spi.c: 1 warning, 0 errors
creating preprocessor file for stm32f1xx_hal_adc.c...
creating preprocessor file for stm32f1xx_hal_adc_ex.c...
compiling stm32f1xx_it.c...
Warning: C4008W: splitting LDM/STM has no benefit
..\Src\stm32f1xx_it.c: 1 warning, 0 errors
compiling stm32f1xx_hal_rtc_ex.c...
Warning: C4008W: splitting LDM/STM has no benefit
..\Drivers\STM32F1xx_HAL_Driver\Src\stm32f1xx_hal_rtc_ex.c: 1 warning, 0 errors
compiling stm32f1xx_hal_rcc.c...
Warning: C4008W: splitting LDM/STM has no benefit
..\Drivers\STM32F1xx_HAL_Driver\Src\stm32f1xx_hal_rcc.c: 1 warning, 0 errors
creating preprocessor file for stm32f1xx_hal_uart.c...
compiling stm32f1xx_hal_msp.c...
Warning: C4008W: splitting LDM/STM has no benefit
..\Src\stm32f1xx_hal_msp.c: 1 warning, 0 errors
creating preprocessor file for stm32f1xx_hal_usart.c...
creating preprocessor file for stm32f1xx_hal_i2c.c...
creating preprocessor file for system_stm32f1xx.c...
creating preprocessor file for diskio.c...
compiling diskio.c...
Warning: C4008W: splitting LDM/STM has no benefit
..\Middlewares\Third_Party\FatFs\src\diskio.c: 1 warning, 0 errors
creating preprocessor file for ff.c...
compiling ff.c...
Warning: C4008W: splitting LDM/STM has no benefit
..\Middlewares\Third_Party\FatFs\src\ff.c: 1 warning, 0 errors
creating preprocessor file for ff_gen_drv.c...
compiling system_stm32f1xx.c...
Warning: C4008W: splitting LDM/STM has no benefit
..\Src\system_stm32f1xx.c: 1 warning, 0 errors
compiling ff_gen_drv.c...
Warning: C4008W: splitting LDM/STM has no benefit
..\Middlewares\Third_Party\FatFs\src\ff_gen_drv.c: 1 warning, 0 errors
compiling stm32f1xx_hal_cortex.c...
Warning: C4008W: splitting LDM/STM has no benefit
..\Drivers\STM32F1xx_HAL_Driver\Src\stm32f1xx_hal_cortex.c: 1 warning, 0 errors
creating preprocessor file for stm32f1xx_nucleo.c...
creating preprocessor file for stm32_adafruit_lcd.c...
compiling stm32f1xx_hal_dma.c...
Warning: C4008W: splitting LDM/STM has no benefit
..\Drivers\STM32F1xx_HAL_Driver\Src\stm32f1xx_hal_dma.c: 1 warning, 0 errors
creating preprocessor file for fonts.c...
compiling stm32f1xx_hal_uart.c...
Warning: C4008W: splitting LDM/STM has no benefit
..\Drivers\STM32F1xx_HAL_Driver\Src\stm32f1xx_hal_uart.c: 1 warning, 0 errors
compiling stm32f1xx_hal_pwr.c...
Warning: C4008W: splitting LDM/STM has no benefit
..\Drivers\STM32F1xx_HAL_Driver\Src\stm32f1xx_hal_pwr.c: 1 warning, 0 errors
compiling fonts.c...
Warning: C4008W: splitting LDM/STM has no benefit
..\Drivers\BSP\Adafruit_Shield\fonts.c: 1 warning, 0 errors
compiling stm32f1xx_hal_usart.c...
Warning: C4008W: splitting LDM/STM has no benefit
..\Drivers\STM32F1xx_HAL_Driver\Src\stm32f1xx_hal_usart.c: 1 warning, 0 errors
compiling stm32f1xx_hal_adc.c...
Warning: C4008W: splitting LDM/STM has no benefit
..\Drivers\STM32F1xx_HAL_Driver\Src\stm32f1xx_hal_adc.c: 1 warning, 0 errors
creating preprocessor file for st7789.c...
compiling stm32f1xx_hal_adc_ex.c...
Warning: C4008W: splitting LDM/STM has no benefit
..\Drivers\STM32F1xx_HAL_Driver\Src\stm32f1xx_hal_adc_ex.c: 1 warning, 0 errors
creating preprocessor file for st7735.c...
creating preprocessor file for retarget_io.c...
creating preprocessor file for mlx90614.c...
compiling stm32f1xx_hal_rcc_ex.c...
Warning: C4008W: splitting LDM/STM has no benefit
..\Drivers\STM32F1xx_HAL_Driver\Src\stm32f1xx_hal_rcc_ex.c: 1 warning, 0 errors
compiling retarget_io.c...
Warning: C4008W: splitting LDM/STM has no benefit
C:\Keil_v5\ARM\PACK\Keil\ARM_Compiler\1.6.3\Source\retarget_io.c: 1 warning, 0 errors
compiling stm32f1xx_hal_i2c.c...
Warning: C4008W: splitting LDM/STM has no benefit
..\Drivers\STM32F1xx_HAL_Driver\Src\stm32f1xx_hal_i2c.c: 1 warning, 0 errors
compiling mlx90614.c...
Warning: C4008W: splitting LDM/STM has no benefit
..\Drivers\BSP\Components\MLX90614\mlx90614.c: 1 warning, 0 errors
compiling st7789.c...
Warning: C4008W: splitting LDM/STM has no benefit
..\Drivers\BSP\Components\st7789\st7789.c: 1 warning, 0 errors
compiling stm32f1xx_nucleo.c...
Warning: C4008W: splitting LDM/STM has no benefit
..\Drivers\BSP\STM32F1xx_Nucleo\stm32f1xx_nucleo.c: 1 warning, 0 errors
compiling st7735.c...
Warning: C4008W: splitting LDM/STM has no benefit
..\Drivers\BSP\Components\st7735\st7735.c: 1 warning, 0 errors
compiling stm32_adafruit_lcd.c...
Warning: C4008W: splitting LDM/STM has no benefit
..\Drivers\BSP\Adafruit_Shield\stm32_adafruit_lcd.c(1188): warning:  #186-D: pointless comparison of unsigned integer with zero
  	if ((x < 0) || (x >= LCD_WIDTH) ||
..\Drivers\BSP\Adafruit_Shield\stm32_adafruit_lcd.c(1189): warning:  #186-D: pointless comparison of unsigned integer with zero
  		 (y < 0) || (y >= LCD_HEIGHT))	return;
..\Drivers\BSP\Adafruit_Shield\stm32_adafruit_lcd.c(1215): warning:  #186-D: pointless comparison of unsigned integer with zero
  	if ((xEnd < 0) || (xEnd >= LCD_WIDTH) ||
..\Drivers\BSP\Adafruit_Shield\stm32_adafruit_lcd.c(1216): warning:  #186-D: pointless comparison of unsigned integer with zero
  		 (yEnd < 0) || (yEnd >= LCD_HEIGHT))	return;
..\Drivers\BSP\Adafruit_Shield\stm32_adafruit_lcd.c(1425): warning:  #177-D: variable "b"  was declared but never referenced
  	uint32_t i, b, j;
..\Drivers\BSP\Adafruit_Shield\stm32_adafruit_lcd.c: 6 warnings, 0 errors
linking...
Program Size: Code=16256 RO-data=11344 RW-data=172 ZI-data=2876  
FromELF: creating hex file...
"TFT_LCD\TFT_LCD.axf" - 0 Error(s), 46 Warning(s).

<h2>Software Packages used:</h2>

Package Vendor: ARM
                http://www.keil.com/pack/ARM.CMSIS.5.7.0.pack
                ARM.CMSIS.5.7.0
                CMSIS (Cortex Microcontroller Software Interface Standard)
   * Component: CORE Version: 5.4.0

Package Vendor: Keil
                http://www.keil.com/pack/Keil.ARM_Compiler.1.6.3.pack
                Keil.ARM_Compiler.1.6.3
                Keil ARM Compiler extensions for ARM Compiler 5 and ARM Compiler 6
   * Component: STDERR Variant: ITM Version: 1.2.0
   * Component: STDIN Variant: ITM Version: 1.2.0
   * Component: STDOUT Variant: ITM Version: 1.2.0

Package Vendor: Keil
                https://www.keil.com/pack/Keil.STM32F1xx_DFP.2.4.1.pack
                Keil.STM32F1xx_DFP.2.4.1
                STMicroelectronics STM32F1 Series Device Support, Drivers and Examples

<h2>Collection of Component include folders:</h2>
  .\RTE\_TFT_LCD
  C:\Keil_v5\ARM\PACK\ARM\CMSIS\5.7.0\CMSIS\Core\Include
  C:\Keil_v5\ARM\PACK\Keil\STM32F1xx_DFP\2.4.1\Device\Include

<h2>Collection of Component Files used:</h2>

   * Component: ARM::CMSIS:CORE:5.4.0
      Include file:  CMSIS\Core\Include\tz_context.h

   * Component: Keil.ARM Compiler::Compiler:I/O:STDERR:ITM:1.2.0
      Source file:   Source\retarget_io.c

   * Component: Keil.ARM Compiler::Compiler:I/O:STDIN:ITM:1.2.0
      Source file:   Source\retarget_io.c

   * Component: Keil.ARM Compiler::Compiler:I/O:STDOUT:ITM:1.2.0
      Source file:   Source\retarget_io.c
Build Time Elapsed:  00:00:13
</pre>
</body>
</html>
